Semantic error: <error description> in line number 5
