the number is 5
the number is 6
the number is 7
the number is 8
the number is 9
